Installing GIT
*****
***** Git for windows
*****
(1) https://git-scm.com/
Download the last version

(2) In git bash:
>> git config --global user.name "Jacqueline Escalante"
>> git config --global user.email "jacesca@gmail.com"

*****
***** Notepad ++
*****
(3) https://notepad-plus-plus.org/

(4) Append it to the System's Path Variable
In the explorer, look for "This PC"
Click right and select Properties
Select System on the left menu
Select Advanced System Settings option (as tab) in the right side of the window
Choose Advanced Tab
Click on Environment Variables button
Go to System Variables
Look for Path
Click on Edit Button
Add "C:\Program Files\Notepad++"
Click on OK (thrice)

(5) Restart GitBash
(6) Create/Update ~/.bash_profile
>> notepad++ ~/.bash_profile

In the file add the following line
alias npp='notepad++ -multiInst -nosession'

Then you can use "npp" instead of notepad++
Older version use .bashrc instead of .bash_profile

(7) Make notepad++ the default editor
>> git config --global core.editor "notepad++ -multiInst -nosession"

You can review the globla configuration with the following command:
>> git config --global -e

*****
***** P4Merge
***** A visual compare and merge tool
(8) https://www.perforce.com/
Click on Downloads
Look for Helix Clients Download pages
Look for P4Merge (Helix Visual Merge Tool (P4Merge))
Dowload it and install it (C:\Program Files\Perforce)
Just select the merge feature and unselect the others.

(9) Set P4Merge as Diff Tool Comparing
>> git config --global diff.tool p4merge
>> git config --global difftool.p4merge.path "c:/Program Files/Perforce/p4merge.exe"
>> git config --global difftool.prompt false
>> git config --global merge.tool p4merge
>> git config --global mergetool.p4merge.path "c:/Program Files/Perforce/p4merge.exe"
>> git config --global mergetool.prompt false

*************************************************************************************
*************************************************************************************
To start a new project folder in github
>> git init demo 
"demo" will create "demo" folder with the initilized git repository in the current directory

To see all the files and folders that are part of a repository
>> ls -al

Local Git STates
(1) Working Directory ↓ 
(2) Staging area ↓
(3) Repository (.git folder) ↓
(4) Remote Repository

To add files to the git track
>> git status
>> git add .
>> git commit -m "Git Course"

If you only "use git commit", as we are already configured Notepad, an editor will be open to add the information we want to name this commit. Once we add the description we want (First line), we close the editor and return to the git bash.

To delete a repository in Git, in the working directory
>> rm -rf .git

To show the list of commits:
>> git log
commit a219a73f7c896d983182db3cc24f3722e634189c (HEAD -> master)
Author: Jacqueline Escalante <jacesca@gmail.com>
Date:   Tue Aug 30 14:23:04 2022 -0600

    Adding initial files to Git Course


or
>> git show
commit a219a73f7c896d983182db3cc24f3722e634189c (HEAD -> master)
Author: Jacqueline Escalante <jacesca@gmail.com>
Date:   Tue Aug 30 14:23:04 2022 -0600

    Adding initial files to Git Course

diff --git a/Installing Git.txt b/Installing Git.txt
new file mode 100644
index 0000000..4f5ad88
--- /dev/null
+++ b/Installing Git.txt
@@ -0,0 +1,81 @@
+Installing GIT
+*****
+***** Git for windows
+*****
+(1) https://git-scm.com/
+Download the last version
+
+(2) In git bash:
+>> git config --global user.name "Jacqueline Escalante"
+>> git config --global user.email "jacesca@gmail.com"
+
+*****
+***** Notepad ++
+*****
+(3) https://notepad-plus-plus.org/
+
+(4) Append it to the System's Path Variable
+In the explorer, look for "This PC"
+Click right and select Properties
+Select System on the left menu
+Select Advanced System Settings option (as tab) in the right side of the window
+Choose Advanced Tab
+Click on Environment Variables button
+Go to System Variables
+Look for Path
:
--> exit with "q"


To clear the command window
>>clear

To stop .bak file creation in notepad++
Open Notepad++ and go to Settings=>Preferences=>Backup than select “None” from Backup on save. 


To see which files git is tracking
>> git ls-files

To create a new file
>> touch new.file

To delete a file
>> rm new.file
